[backblue.gif]
[fade.gif]
[index.html]
[s3.amazonaws.com/spotify.me/assets/images/apple-touch-icon.png]
[s3.amazonaws.com/spotify.me/assets/images/favicon-32x32.png]
[s3.amazonaws.com/spotify.me/assets/images/favicon-16x16.png]
[spotify.me/assets/js/SplitText.min.js]
[www.google-analytics.com/analytics.js]
[spotify.me/assets/js/app.f864ad00ce46fe3958c8.js]
[static.ads-twitter.com/oct.js]
[spotify.me/en.html]
[spotify.me/index.html]
[connect.facebook.net/en_US/fbevents.js]
[spotify.me/de.html]
[spotify.me/en-GB.html]
[spotify.me/es.html]
[spotify.me/fr.html]
[spotify.me/it.html]
[spotify.me/pt-BR.html]
[spotify.me/ja.html]
[spotify.me/twn.html]
[spotify.me/assets/fonts/CircularSpotifyText-Book.otf]
[spotify.me/assets/fonts/CircularSpotifyText-Medium.otf]
[spotify.me/assets/fonts/CircularSpotifyHead-Bold.otf]
[spotify.me/assets/fonts/CircularSpotifyHead-Black.otf]
[s3.amazonaws.com/spotify.me/assets/images/landing-graphic.png]
[spotify.me/assets/css/app.c8469f993bc62f3a7aff810a14cac232.css]
[connect.facebook.net/en_US/fbevents.js]
[spotify.me/POST.html]
